INFO 2026-02-19 21:46:39,980 autoreload Watching for file changes with StatReloader
INFO 2026-02-19 21:49:07,060 autoreload Watching for file changes with StatReloader
INFO 2026-02-19 21:50:29,174 autoreload C:\Users\dwbhy\26winter\monologue\config\settings.py changed, reloading.
INFO 2026-02-19 21:50:30,447 autoreload Watching for file changes with StatReloader
INFO 2026-02-19 21:51:02,137 autoreload Watching for file changes with StatReloader
WARNING 2026-02-19 21:51:30,405 log Not Found: /
WARNING 2026-02-19 21:51:30,405 log "GET / HTTP/1.1" 404 2808
WARNING 2026-02-19 21:51:30,507 log Not Found: /favicon.ico
WARNING 2026-02-19 21:51:30,508 log "GET /favicon.ico HTTP/1.1" 404 2859
INFO 2026-02-19 21:51:56,122 log "GET /api/posts HTTP/1.1" 301 0
ERROR 2026-02-19 21:51:56,181 log Internal Server Error: /api/posts/
Traceback (most recent call last):
  File "C:\Users\dwbhy\26winter\monologue\venv\Lib\site-packages\django\db\backends\utils.py", line 105, in _execute
    return self.cursor.execute(sql, params)
           ^^^^^^^^^^^^^^^^^^^^^^^^^^^^^^^^
  File "C:\Users\dwbhy\26winter\monologue\venv\Lib\site-packages\django\db\backends\sqlite3\base.py", line 359, in execute
    return super().execute(query, params)
           ^^^^^^^^^^^^^^^^^^^^^^^^^^^^^^
sqlite3.OperationalError: no such table: posts_post

The above exception was the direct cause of the following exception:

Traceback (most recent call last):
  File "C:\Users\dwbhy\26winter\monologue\venv\Lib\site-packages\django\core\handlers\exception.py", line 55, in inner
    response = get_response(request)
               ^^^^^^^^^^^^^^^^^^^^^
  File "C:\Users\dwbhy\26winter\monologue\venv\Lib\site-packages\django\core\handlers\base.py", line 198, in _get_response
    response = wrapped_callback(request, *callback_args, **callback_kwargs)
               ^^^^^^^^^^^^^^^^^^^^^^^^^^^^^^^^^^^^^^^^^^^^^^^^^^^^^^^^^^^^
  File "C:\Users\dwbhy\26winter\monologue\venv\Lib\site-packages\django\views\decorators\csrf.py", line 65, in _view_wrapper
    return view_func(request, *args, **kwargs)
           ^^^^^^^^^^^^^^^^^^^^^^^^^^^^^^^^^^^
  File "C:\Users\dwbhy\26winter\monologue\venv\Lib\site-packages\django\views\generic\base.py", line 106, in view
    return self.dispatch(request, *args, **kwargs)
           ^^^^^^^^^^^^^^^^^^^^^^^^^^^^^^^^^^^^^^^
  File "C:\Users\dwbhy\26winter\monologue\venv\Lib\site-packages\rest_framework\views.py", line 515, in dispatch
    response = self.handle_exception(exc)
               ^^^^^^^^^^^^^^^^^^^^^^^^^^
  File "C:\Users\dwbhy\26winter\monologue\venv\Lib\site-packages\rest_framework\views.py", line 475, in handle_exception
    self.raise_uncaught_exception(exc)
  File "C:\Users\dwbhy\26winter\monologue\venv\Lib\site-packages\rest_framework\views.py", line 486, in raise_uncaught_exception
    raise exc
  File "C:\Users\dwbhy\26winter\monologue\venv\Lib\site-packages\rest_framework\views.py", line 512, in dispatch
    response = handler(request, *args, **kwargs)
               ^^^^^^^^^^^^^^^^^^^^^^^^^^^^^^^^^
  File "C:\Users\dwbhy\26winter\monologue\venv\Lib\site-packages\rest_framework\generics.py", line 243, in get
    return self.list(request, *args, **kwargs)
           ^^^^^^^^^^^^^^^^^^^^^^^^^^^^^^^^^^^
  File "C:\Users\dwbhy\26winter\monologue\venv\Lib\site-packages\rest_framework\mixins.py", line 46, in list
    return Response(serializer.data)
                    ^^^^^^^^^^^^^^^
  File "C:\Users\dwbhy\26winter\monologue\venv\Lib\site-packages\rest_framework\serializers.py", line 797, in data
    ret = super().data
          ^^^^^^^^^^^^
  File "C:\Users\dwbhy\26winter\monologue\venv\Lib\site-packages\rest_framework\serializers.py", line 251, in data
    self._data = self.to_representation(self.instance)
                 ^^^^^^^^^^^^^^^^^^^^^^^^^^^^^^^^^^^^^
  File "C:\Users\dwbhy\26winter\monologue\venv\Lib\site-packages\rest_framework\serializers.py", line 715, in to_representation
    return [
           ^
  File "C:\Users\dwbhy\26winter\monologue\venv\Lib\site-packages\django\db\models\query.py", line 390, in __iter__
    self._fetch_all()
  File "C:\Users\dwbhy\26winter\monologue\venv\Lib\site-packages\django\db\models\query.py", line 2000, in _fetch_all
    self._result_cache = list(self._iterable_class(self))
                         ^^^^^^^^^^^^^^^^^^^^^^^^^^^^^^^^
  File "C:\Users\dwbhy\26winter\monologue\venv\Lib\site-packages\django\db\models\query.py", line 95, in __iter__
    results = compiler.execute_sql(
              ^^^^^^^^^^^^^^^^^^^^^
  File "C:\Users\dwbhy\26winter\monologue\venv\Lib\site-packages\django\db\models\sql\compiler.py", line 1624, in execute_sql
    cursor.execute(sql, params)
  File "C:\Users\dwbhy\26winter\monologue\venv\Lib\site-packages\django\db\backends\utils.py", line 122, in execute
    return super().execute(sql, params)
           ^^^^^^^^^^^^^^^^^^^^^^^^^^^^
  File "C:\Users\dwbhy\26winter\monologue\venv\Lib\site-packages\django\db\backends\utils.py", line 79, in execute
    return self._execute_with_wrappers(
           ^^^^^^^^^^^^^^^^^^^^^^^^^^^^
  File "C:\Users\dwbhy\26winter\monologue\venv\Lib\site-packages\django\db\backends\utils.py", line 92, in _execute_with_wrappers
    return executor(sql, params, many, context)
           ^^^^^^^^^^^^^^^^^^^^^^^^^^^^^^^^^^^^
  File "C:\Users\dwbhy\26winter\monologue\venv\Lib\site-packages\django\db\backends\utils.py", line 100, in _execute
    with self.db.wrap_database_errors:
  File "C:\Users\dwbhy\26winter\monologue\venv\Lib\site-packages\django\db\utils.py", line 94, in __exit__
    raise dj_exc_value.with_traceback(traceback) from exc_value
  File "C:\Users\dwbhy\26winter\monologue\venv\Lib\site-packages\django\db\backends\utils.py", line 105, in _execute
    return self.cursor.execute(sql, params)
           ^^^^^^^^^^^^^^^^^^^^^^^^^^^^^^^^
  File "C:\Users\dwbhy\26winter\monologue\venv\Lib\site-packages\django\db\backends\sqlite3\base.py", line 359, in execute
    return super().execute(query, params)
           ^^^^^^^^^^^^^^^^^^^^^^^^^^^^^^
django.db.utils.OperationalError: no such table: posts_post
ERROR 2026-02-19 21:51:56,181 log "GET /api/posts/ HTTP/1.1" 500 182645
INFO 2026-02-19 21:52:03,599 log "GET /api/accounts/signup HTTP/1.1" 301 0
WARNING 2026-02-19 21:52:03,641 log Method Not Allowed: /api/accounts/signup/
WARNING 2026-02-19 21:52:03,641 log "GET /api/accounts/signup/ HTTP/1.1" 405 6479
INFO 2026-02-19 21:52:03,978 log "GET /static/rest_framework/css/bootstrap-tweaks.css HTTP/1.1" 200 3426
INFO 2026-02-19 21:52:03,981 log "GET /static/rest_framework/js/csrf.js HTTP/1.1" 200 1793
INFO 2026-02-19 21:52:03,984 log "GET /static/rest_framework/js/bootstrap.min.js HTTP/1.1" 200 39680
INFO 2026-02-19 21:52:03,987 log "GET /static/rest_framework/css/bootstrap.min.css HTTP/1.1" 200 121457
INFO 2026-02-19 21:52:03,990 log "GET /static/rest_framework/css/default.css HTTP/1.1" 200 1152
INFO 2026-02-19 21:52:03,991 log "GET /static/rest_framework/js/jquery-3.7.1.min.js HTTP/1.1" 200 87533
INFO 2026-02-19 21:52:03,992 log "GET /static/rest_framework/js/ajax-form.js HTTP/1.1" 200 3796
INFO 2026-02-19 21:52:03,993 log "GET /static/rest_framework/css/prettify.css HTTP/1.1" 200 817
INFO 2026-02-19 21:52:03,998 log "GET /static/rest_framework/js/load-ajax-form.js HTTP/1.1" 200 59
INFO 2026-02-19 21:52:03,998 log "GET /static/rest_framework/js/default.js HTTP/1.1" 200 1268
INFO 2026-02-19 21:52:03,999 log "GET /static/rest_framework/js/prettify-min.js HTTP/1.1" 200 13632
INFO 2026-02-19 21:52:04,012 log "GET /static/rest_framework/img/grid.png HTTP/1.1" 200 1458
INFO 2026-02-19 21:52:29,893 log "GET /api/accounts/login HTTP/1.1" 301 0
WARNING 2026-02-19 21:52:29,899 log Method Not Allowed: /api/accounts/login/
WARNING 2026-02-19 21:52:29,899 log "GET /api/accounts/login/ HTTP/1.1" 405 6006
INFO 2026-02-19 22:06:48,592 autoreload Watching for file changes with StatReloader
INFO 2026-02-19 22:09:25,664 autoreload Watching for file changes with StatReloader
INFO 2026-02-19 22:09:53,474 autoreload Watching for file changes with StatReloader
INFO 2026-02-19 22:10:54,701 autoreload C:\Users\dwbhy\26winter\monologue\config\settings.py changed, reloading.
INFO 2026-02-19 22:10:55,795 autoreload Watching for file changes with StatReloader
INFO 2026-02-19 22:11:00,144 autoreload Watching for file changes with StatReloader
WARNING 2026-02-19 22:11:02,217 log Not Found: /
WARNING 2026-02-19 22:11:02,217 log "GET / HTTP/1.1" 404 2805
